Archive member included to satisfy reference by file (symbol)

c:/st/stm32cubeide_1.4.0/stm32cubeide/plugins/com.st.stm32cube.ide.mcu.externaltools.gnu-tools-for-stm32.7-2018-q2-update.win32_1.4.0.202007081208/tools/bin/../lib/gcc/arm-none-eabi/7.3.1/../../../../arm-none-eabi/lib/thumb/v7e-m\libc_nano.a(lib_a-errno.o)
                              Src/syscalls.o (__errno)
c:/st/stm32cubeide_1.4.0/stm32cubeide/plugins/com.st.stm32cube.ide.mcu.externaltools.gnu-tools-for-stm32.7-2018-q2-update.win32_1.4.0.202007081208/tools/bin/../lib/gcc/arm-none-eabi/7.3.1/../../../../arm-none-eabi/lib/thumb/v7e-m\libc_nano.a(lib_a-exit.o)
                              c:/st/stm32cubeide_1.4.0/stm32cubeide/plugins/com.st.stm32cube.ide.mcu.externaltools.gnu-tools-for-stm32.7-2018-q2-update.win32_1.4.0.202007081208/tools/bin/../lib/gcc/arm-none-eabi/7.3.1/../../../../arm-none-eabi/lib/thumb/v7e-m/crt0.o (exit)
c:/st/stm32cubeide_1.4.0/stm32cubeide/plugins/com.st.stm32cube.ide.mcu.externaltools.gnu-tools-for-stm32.7-2018-q2-update.win32_1.4.0.202007081208/tools/bin/../lib/gcc/arm-none-eabi/7.3.1/../../../../arm-none-eabi/lib/thumb/v7e-m\libc_nano.a(lib_a-impure.o)
                              c:/st/stm32cubeide_1.4.0/stm32cubeide/plugins/com.st.stm32cube.ide.mcu.externaltools.gnu-tools-for-stm32.7-2018-q2-update.win32_1.4.0.202007081208/tools/bin/../lib/gcc/arm-none-eabi/7.3.1/../../../../arm-none-eabi/lib/thumb/v7e-m\libc_nano.a(lib_a-exit.o) (_global_impure_ptr)
c:/st/stm32cubeide_1.4.0/stm32cubeide/plugins/com.st.stm32cube.ide.mcu.externaltools.gnu-tools-for-stm32.7-2018-q2-update.win32_1.4.0.202007081208/tools/bin/../lib/gcc/arm-none-eabi/7.3.1/../../../../arm-none-eabi/lib/thumb/v7e-m\libc_nano.a(lib_a-init.o)
                              c:/st/stm32cubeide_1.4.0/stm32cubeide/plugins/com.st.stm32cube.ide.mcu.externaltools.gnu-tools-for-stm32.7-2018-q2-update.win32_1.4.0.202007081208/tools/bin/../lib/gcc/arm-none-eabi/7.3.1/../../../../arm-none-eabi/lib/thumb/v7e-m/crt0.o (__libc_init_array)
c:/st/stm32cubeide_1.4.0/stm32cubeide/plugins/com.st.stm32cube.ide.mcu.externaltools.gnu-tools-for-stm32.7-2018-q2-update.win32_1.4.0.202007081208/tools/bin/../lib/gcc/arm-none-eabi/7.3.1/../../../../arm-none-eabi/lib/thumb/v7e-m\libc_nano.a(lib_a-memset.o)
                              c:/st/stm32cubeide_1.4.0/stm32cubeide/plugins/com.st.stm32cube.ide.mcu.externaltools.gnu-tools-for-stm32.7-2018-q2-update.win32_1.4.0.202007081208/tools/bin/../lib/gcc/arm-none-eabi/7.3.1/../../../../arm-none-eabi/lib/thumb/v7e-m/crt0.o (memset)
c:/st/stm32cubeide_1.4.0/stm32cubeide/plugins/com.st.stm32cube.ide.mcu.externaltools.gnu-tools-for-stm32.7-2018-q2-update.win32_1.4.0.202007081208/tools/bin/../lib/gcc/arm-none-eabi/7.3.1/../../../../arm-none-eabi/lib/thumb/v7e-m\libc_nano.a(lib_a-strlen.o)
                              Drivers/Src/stm32f407xx_lcm1602a_driver.o (strlen)

Discarded input sections

 .text          0x0000000000000000        0x0 c:/st/stm32cubeide_1.4.0/stm32cubeide/plugins/com.st.stm32cube.ide.mcu.externaltools.gnu-tools-for-stm32.7-2018-q2-update.win32_1.4.0.202007081208/tools/bin/../lib/gcc/arm-none-eabi/7.3.1/thumb/v7e-m/crti.o
 .data          0x0000000000000000        0x0 c:/st/stm32cubeide_1.4.0/stm32cubeide/plugins/com.st.stm32cube.ide.mcu.externaltools.gnu-tools-for-stm32.7-2018-q2-update.win32_1.4.0.202007081208/tools/bin/../lib/gcc/arm-none-eabi/7.3.1/thumb/v7e-m/crti.o
 .bss           0x0000000000000000        0x0 c:/st/stm32cubeide_1.4.0/stm32cubeide/plugins/com.st.stm32cube.ide.mcu.externaltools.gnu-tools-for-stm32.7-2018-q2-update.win32_1.4.0.202007081208/tools/bin/../lib/gcc/arm-none-eabi/7.3.1/thumb/v7e-m/crti.o
 .data          0x0000000000000000        0x4 c:/st/stm32cubeide_1.4.0/stm32cubeide/plugins/com.st.stm32cube.ide.mcu.externaltools.gnu-tools-for-stm32.7-2018-q2-update.win32_1.4.0.202007081208/tools/bin/../lib/gcc/arm-none-eabi/7.3.1/thumb/v7e-m/crtbegin.o
 .text          0x0000000000000000       0x74 c:/st/stm32cubeide_1.4.0/stm32cubeide/plugins/com.st.stm32cube.ide.mcu.externaltools.gnu-tools-for-stm32.7-2018-q2-update.win32_1.4.0.202007081208/tools/bin/../lib/gcc/arm-none-eabi/7.3.1/../../../../arm-none-eabi/lib/thumb/v7e-m/crt0.o
 .data          0x0000000000000000        0x0 c:/st/stm32cubeide_1.4.0/stm32cubeide/plugins/com.st.stm32cube.ide.mcu.externaltools.gnu-tools-for-stm32.7-2018-q2-update.win32_1.4.0.202007081208/tools/bin/../lib/gcc/arm-none-eabi/7.3.1/../../../../arm-none-eabi/lib/thumb/v7e-m/crt0.o
 .bss           0x0000000000000000        0x0 c:/st/stm32cubeide_1.4.0/stm32cubeide/plugins/com.st.stm32cube.ide.mcu.externaltools.gnu-tools-for-stm32.7-2018-q2-update.win32_1.4.0.202007081208/tools/bin/../lib/gcc/arm-none-eabi/7.3.1/../../../../arm-none-eabi/lib/thumb/v7e-m/crt0.o
 .ARM.extab     0x0000000000000000        0x0 c:/st/stm32cubeide_1.4.0/stm32cubeide/plugins/com.st.stm32cube.ide.mcu.externaltools.gnu-tools-for-stm32.7-2018-q2-update.win32_1.4.0.202007081208/tools/bin/../lib/gcc/arm-none-eabi/7.3.1/../../../../arm-none-eabi/lib/thumb/v7e-m/crt0.o
 .ARM.exidx     0x0000000000000000        0x8 c:/st/stm32cubeide_1.4.0/stm32cubeide/plugins/com.st.stm32cube.ide.mcu.externaltools.gnu-tools-for-stm32.7-2018-q2-update.win32_1.4.0.202007081208/tools/bin/../lib/gcc/arm-none-eabi/7.3.1/../../../../arm-none-eabi/lib/thumb/v7e-m/crt0.o
 .ARM.attributes
                0x0000000000000000       0x1c c:/st/stm32cubeide_1.4.0/stm32cubeide/plugins/com.st.stm32cube.ide.mcu.externaltools.gnu-tools-for-stm32.7-2018-q2-update.win32_1.4.0.202007081208/tools/bin/../lib/gcc/arm-none-eabi/7.3.1/../../../../arm-none-eabi/lib/thumb/v7e-m/crt0.o
 .group         0x0000000000000000        0xc Drivers/Src/stm32f407xx_gpio_driver.o
 .group         0x0000000000000000        0xc Drivers/Src/stm32f407xx_gpio_driver.o
 .group         0x0000000000000000        0xc Drivers/Src/stm32f407xx_gpio_driver.o
 .group         0x0000000000000000        0xc Drivers/Src/stm32f407xx_gpio_driver.o
 .group         0x0000000000000000        0xc Drivers/Src/stm32f407xx_gpio_driver.o
 .group         0x0000000000000000        0xc Drivers/Src/stm32f407xx_gpio_driver.o
 .group         0x0000000000000000        0xc Drivers/Src/stm32f407xx_gpio_driver.o
 .group         0x0000000000000000        0xc Drivers/Src/stm32f407xx_gpio_driver.o
 .group         0x0000000000000000        0xc Drivers/Src/stm32f407xx_gpio_driver.o
 .group         0x0000000000000000        0xc Drivers/Src/stm32f407xx_gpio_driver.o
 .group         0x0000000000000000        0xc Drivers/Src/stm32f407xx_gpio_driver.o
 .text          0x0000000000000000        0x0 Drivers/Src/stm32f407xx_gpio_driver.o
 .data          0x0000000000000000        0x0 Drivers/Src/stm32f407xx_gpio_driver.o
 .bss           0x0000000000000000        0x0 Drivers/Src/stm32f407xx_gpio_driver.o
 .text.GPIO_DeInit
                0x0000000000000000      0x164 Drivers/Src/stm32f407xx_gpio_driver.o
 .text.GPIO_ReadFromInputPort
                0x0000000000000000        0x6 Drivers/Src/stm32f407xx_gpio_driver.o
 .text.GPIO_WriteToOutputPort
                0x0000000000000000        0x4 Drivers/Src/stm32f407xx_gpio_driver.o
 .text.GPIO_TogglePin
                0x0000000000000000        0xe Drivers/Src/stm32f407xx_gpio_driver.o
 .text.GPIO_IRQInterruptConfig
                0x0000000000000000       0xb4 Drivers/Src/stm32f407xx_gpio_driver.o
 .text.GPIO_IRQPriorityConfig
                0x0000000000000000       0x1e Drivers/Src/stm32f407xx_gpio_driver.o
 .text.GPIO_IRQHandling
                0x0000000000000000       0x1c Drivers/Src/stm32f407xx_gpio_driver.o
 .group         0x0000000000000000        0xc Drivers/Src/stm32f407xx_lcm1602a_driver.o
 .group         0x0000000000000000        0xc Drivers/Src/stm32f407xx_lcm1602a_driver.o
 .group         0x0000000000000000        0xc Drivers/Src/stm32f407xx_lcm1602a_driver.o
 .group         0x0000000000000000        0xc Drivers/Src/stm32f407xx_lcm1602a_driver.o
 .group         0x0000000000000000        0xc Drivers/Src/stm32f407xx_lcm1602a_driver.o
 .group         0x0000000000000000        0xc Drivers/Src/stm32f407xx_lcm1602a_driver.o
 .group         0x0000000000000000        0xc Drivers/Src/stm32f407xx_lcm1602a_driver.o
 .group         0x0000000000000000        0xc Drivers/Src/stm32f407xx_lcm1602a_driver.o
 .group         0x0000000000000000        0xc Drivers/Src/stm32f407xx_lcm1602a_driver.o
 .group         0x0000000000000000        0xc Drivers/Src/stm32f407xx_lcm1602a_driver.o
 .group         0x0000000000000000        0xc Drivers/Src/stm32f407xx_lcm1602a_driver.o
 .group         0x0000000000000000        0xc Drivers/Src/stm32f407xx_lcm1602a_driver.o
 .group         0x0000000000000000        0xc Drivers/Src/stm32f407xx_lcm1602a_driver.o
 .group         0x0000000000000000        0xc Drivers/Src/stm32f407xx_lcm1602a_driver.o
 .group         0x0000000000000000        0xc Drivers/Src/stm32f407xx_lcm1602a_driver.o
 .group         0x0000000000000000        0xc Drivers/Src/stm32f407xx_lcm1602a_driver.o
 .group         0x0000000000000000        0xc Drivers/Src/stm32f407xx_lcm1602a_driver.o
 .group         0x0000000000000000        0xc Drivers/Src/stm32f407xx_lcm1602a_driver.o
 .group         0x0000000000000000        0xc Drivers/Src/stm32f407xx_lcm1602a_driver.o
 .group         0x0000000000000000        0xc Drivers/Src/stm32f407xx_lcm1602a_driver.o
 .group         0x0000000000000000        0xc Drivers/Src/stm32f407xx_lcm1602a_driver.o
 .group         0x0000000000000000        0xc Drivers/Src/stm32f407xx_lcm1602a_driver.o
 .group         0x0000000000000000        0xc Drivers/Src/stm32f407xx_lcm1602a_driver.o
 .group         0x0000000000000000        0xc Drivers/Src/stm32f407xx_lcm1602a_driver.o
 .group         0x0000000000000000        0xc Drivers/Src/stm32f407xx_lcm1602a_driver.o
 .text          0x0000000000000000        0x0 Drivers/Src/stm32f407xx_lcm1602a_driver.o
 .data          0x0000000000000000        0x0 Drivers/Src/stm32f407xx_lcm1602a_driver.o
 .bss           0x0000000000000000        0x0 Drivers/Src/stm32f407xx_lcm1602a_driver.o
 .text.LCM1602a_Data8_GPIODeInit
                0x0000000000000000       0x3c Drivers/Src/stm32f407xx_lcm1602a_driver.o
 .debug_macro   0x0000000000000000      0xa66 Drivers/Src/stm32f407xx_lcm1602a_driver.o
 .debug_macro   0x0000000000000000       0x22 Drivers/Src/stm32f407xx_lcm1602a_driver.o
 .debug_macro   0x0000000000000000       0x8e Drivers/Src/stm32f407xx_lcm1602a_driver.o
 .debug_macro   0x0000000000000000       0x51 Drivers/Src/stm32f407xx_lcm1602a_driver.o
 .debug_macro   0x0000000000000000       0xef Drivers/Src/stm32f407xx_lcm1602a_driver.o
 .debug_macro   0x0000000000000000       0x6a Drivers/Src/stm32f407xx_lcm1602a_driver.o
 .debug_macro   0x0000000000000000      0x1df Drivers/Src/stm32f407xx_lcm1602a_driver.o
 .debug_macro   0x0000000000000000      0x174 Drivers/Src/stm32f407xx_lcm1602a_driver.o
 .debug_macro   0x0000000000000000      0x5a0 Drivers/Src/stm32f407xx_lcm1602a_driver.o
 .debug_macro   0x0000000000000000      0x1a2 Drivers/Src/stm32f407xx_lcm1602a_driver.o
 .debug_macro   0x0000000000000000       0xe8 Drivers/Src/stm32f407xx_lcm1602a_driver.o
 .group         0x0000000000000000        0xc Drivers/Src/stm32f407xx_spi_driver.o
 .group         0x0000000000000000        0xc Drivers/Src/stm32f407xx_spi_driver.o
 .group         0x0000000000000000        0xc Drivers/Src/stm32f407xx_spi_driver.o
 .group         0x0000000000000000        0xc Drivers/Src/stm32f407xx_spi_driver.o
 .group         0x0000000000000000        0xc Drivers/Src/stm32f407xx_spi_driver.o
 .group         0x0000000000000000        0xc Drivers/Src/stm32f407xx_spi_driver.o
 .group         0x0000000000000000        0xc Drivers/Src/stm32f407xx_spi_driver.o
 .group         0x0000000000000000        0xc Drivers/Src/stm32f407xx_spi_driver.o
 .group         0x0000000000000000        0xc Drivers/Src/stm32f407xx_spi_driver.o
 .group         0x0000000000000000        0xc Drivers/Src/stm32f407xx_spi_driver.o
 .group         0x0000000000000000        0xc Drivers/Src/stm32f407xx_spi_driver.o
 .text          0x0000000000000000        0x0 Drivers/Src/stm32f407xx_spi_driver.o
 .data          0x0000000000000000        0x0 Drivers/Src/stm32f407xx_spi_driver.o
 .bss           0x0000000000000000        0x0 Drivers/Src/stm32f407xx_spi_driver.o
 .text.SPI_PCLKControl
                0x0000000000000000       0xfc Drivers/Src/stm32f407xx_spi_driver.o
 .text.SPI_Init
                0x0000000000000000       0x54 Drivers/Src/stm32f407xx_spi_driver.o
 .text.SPI_DeInit
                0x0000000000000000       0xc4 Drivers/Src/stm32f407xx_spi_driver.o
 .text.SPI_SendDataIT
                0x0000000000000000       0x1c Drivers/Src/stm32f407xx_spi_driver.o
 .text.SPI_ReceiveDataIT
                0x0000000000000000       0x1c Drivers/Src/stm32f407xx_spi_driver.o
 .text.SPI_IRQInterruptConfig
                0x0000000000000000        0x2 Drivers/Src/stm32f407xx_spi_driver.o
 .text.SPI_IRQPriorityConfig
                0x0000000000000000        0x2 Drivers/Src/stm32f407xx_spi_driver.o
 .text.SPI_ClearOVRFlag
                0x0000000000000000        0x6 Drivers/Src/stm32f407xx_spi_driver.o
 .text.SPI_Close_Transmission
                0x0000000000000000       0x14 Drivers/Src/stm32f407xx_spi_driver.o
 .text.SPI_Close_Reception
                0x0000000000000000       0x14 Drivers/Src/stm32f407xx_spi_driver.o
 .text.SPI_ApplicationEventCallback
                0x0000000000000000        0x2 Drivers/Src/stm32f407xx_spi_driver.o
 .text.spi_txe_interrupt_handle
                0x0000000000000000       0x48 Drivers/Src/stm32f407xx_spi_driver.o
 .text.spi_rxne_interrupt_handle
                0x0000000000000000       0x48 Drivers/Src/stm32f407xx_spi_driver.o
 .text.spi_ovr_err_interrupt_handle
                0x0000000000000000       0x16 Drivers/Src/stm32f407xx_spi_driver.o
 .text.SPI_IRQHandling
                0x0000000000000000       0x52 Drivers/Src/stm32f407xx_spi_driver.o
 .text.SPI_GetFlagStatus
                0x0000000000000000        0xe Drivers/Src/stm32f407xx_spi_driver.o
 .text.SPI_SendData
                0x0000000000000000       0x34 Drivers/Src/stm32f407xx_spi_driver.o
 .text.SPI_ReceiveData
                0x0000000000000000       0x34 Drivers/Src/stm32f407xx_spi_driver.o
 .text.SPI_PeripheralControl
                0x0000000000000000       0x16 Drivers/Src/stm32f407xx_spi_driver.o
 .text.SPI_SSIConfig
                0x0000000000000000       0x16 Drivers/Src/stm32f407xx_spi_driver.o
 .debug_info    0x0000000000000000      0x8ac Drivers/Src/stm32f407xx_spi_driver.o
 .debug_abbrev  0x0000000000000000      0x1c8 Drivers/Src/stm32f407xx_spi_driver.o
 .debug_loc     0x0000000000000000      0x3d4 Drivers/Src/stm32f407xx_spi_driver.o
 .debug_aranges
                0x0000000000000000       0xb8 Drivers/Src/stm32f407xx_spi_driver.o
 .debug_ranges  0x0000000000000000       0xa8 Drivers/Src/stm32f407xx_spi_driver.o
 .debug_macro   0x0000000000000000       0x9d Drivers/Src/stm32f407xx_spi_driver.o
 .debug_macro   0x0000000000000000      0xa66 Drivers/Src/stm32f407xx_spi_driver.o
 .debug_macro   0x0000000000000000       0x22 Drivers/Src/stm32f407xx_spi_driver.o
 .debug_macro   0x0000000000000000       0x8e Drivers/Src/stm32f407xx_spi_driver.o
 .debug_macro   0x0000000000000000       0x51 Drivers/Src/stm32f407xx_spi_driver.o
 .debug_macro   0x0000000000000000       0xef Drivers/Src/stm32f407xx_spi_driver.o
 .debug_macro   0x0000000000000000       0x6a Drivers/Src/stm32f407xx_spi_driver.o
 .debug_macro   0x0000000000000000      0x1df Drivers/Src/stm32f407xx_spi_driver.o
 .debug_macro   0x0000000000000000      0x174 Drivers/Src/stm32f407xx_spi_driver.o
 .debug_macro   0x0000000000000000      0x5a0 Drivers/Src/stm32f407xx_spi_driver.o
 .debug_macro   0x0000000000000000      0x1a2 Drivers/Src/stm32f407xx_spi_driver.o
 .debug_macro   0x0000000000000000       0xe8 Drivers/Src/stm32f407xx_spi_driver.o
 .debug_line    0x0000000000000000      0x64a Drivers/Src/stm32f407xx_spi_driver.o
 .debug_str     0x0000000000000000     0x6fd2 Drivers/Src/stm32f407xx_spi_driver.o
 .comment       0x0000000000000000       0x7c Drivers/Src/stm32f407xx_spi_driver.o
 .debug_frame   0x0000000000000000      0x190 Drivers/Src/stm32f407xx_spi_driver.o
 .ARM.attributes
                0x0000000000000000       0x33 Drivers/Src/stm32f407xx_spi_driver.o
 .group         0x0000000000000000        0xc Src/lcm1602a_test.o
 .group         0x0000000000000000        0xc Src/lcm1602a_test.o
 .group         0x0000000000000000        0xc Src/lcm1602a_test.o
 .group         0x0000000000000000        0xc Src/lcm1602a_test.o
 .group         0x0000000000000000        0xc Src/lcm1602a_test.o
 .group         0x0000000000000000        0xc Src/lcm1602a_test.o
 .group         0x0000000000000000        0xc Src/lcm1602a_test.o
 .group         0x0000000000000000        0xc Src/lcm1602a_test.o
 .group         0x0000000000000000        0xc Src/lcm1602a_test.o
 .group         0x0000000000000000        0xc Src/lcm1602a_test.o
 .group         0x0000000000000000        0xc Src/lcm1602a_test.o
 .group         0x0000000000000000        0xc Src/lcm1602a_test.o
 .text          0x0000000000000000        0x0 Src/lcm1602a_test.o
 .data          0x0000000000000000        0x0 Src/lcm1602a_test.o
 .bss           0x0000000000000000        0x0 Src/lcm1602a_test.o
 .debug_macro   0x0000000000000000      0xa66 Src/lcm1602a_test.o
 .debug_macro   0x0000000000000000       0x22 Src/lcm1602a_test.o
 .debug_macro   0x0000000000000000       0x8e Src/lcm1602a_test.o
 .debug_macro   0x0000000000000000       0x51 Src/lcm1602a_test.o
 .debug_macro   0x0000000000000000       0xef Src/lcm1602a_test.o
 .debug_macro   0x0000000000000000       0x6a Src/lcm1602a_test.o
 .debug_macro   0x0000000000000000      0x1df Src/lcm1602a_test.o
 .debug_macro   0x0000000000000000      0x174 Src/lcm1602a_test.o
 .debug_macro   0x0000000000000000      0x5a0 Src/lcm1602a_test.o
 .debug_macro   0x0000000000000000      0x1a2 Src/lcm1602a_test.o
 .debug_macro   0x0000000000000000       0xe8 Src/lcm1602a_test.o
 .debug_macro   0x0000000000000000       0x1c Src/lcm1602a_test.o
 .group         0x0000000000000000        0xc Src/syscalls.o
 .group         0x0000000000000000        0xc Src/syscalls.o
 .group         0x0000000000000000        0xc Src/syscalls.o
 .group         0x0000000000000000        0xc Src/syscalls.o
 .group         0x0000000000000000        0xc Src/syscalls.o
 .group         0x0000000000000000        0xc Src/syscalls.o
 .group         0x0000000000000000        0xc Src/syscalls.o
 .group         0x0000000000000000        0xc Src/syscalls.o
 .group         0x0000000000000000        0xc Src/syscalls.o
 .group         0x0000000000000000        0xc Src/syscalls.o
 .group         0x0000000000000000        0xc Src/syscalls.o
 .group         0x0000000000000000        0xc Src/syscalls.o
 .group         0x0000000000000000        0xc Src/syscalls.o
 .group         0x0000000000000000        0xc Src/syscalls.o
 .group         0x0000000000000000        0xc Src/syscalls.o
 .group         0x0000000000000000        0xc Src/syscalls.o
 .group         0x0000000000000000        0xc Src/syscalls.o
 .group         0x0000000000000000        0xc Src/syscalls.o
 .group         0x0000000000000000        0xc Src/syscalls.o
 .group         0x0000000000000000        0xc Src/syscalls.o
 .group         0x0000000000000000        0xc Src/syscalls.o
 .group         0x0000000000000000        0xc Src/syscalls.o
 .group         0x0000000000000000        0xc Src/syscalls.o
 .group         0x0000000000000000        0xc Src/syscalls.o
 .group         0x0000000000000000        0xc Src/syscalls.o
 .group         0x0000000000000000        0xc Src/syscalls.o
 .group         0x0000000000000000        0xc Src/syscalls.o
 .group         0x0000000000000000        0xc Src/syscalls.o
 .group         0x0000000000000000        0xc Src/syscalls.o
 .group         0x0000000000000000        0xc Src/syscalls.o
 .group         0x0000000000000000        0xc Src/syscalls.o
 .group         0x0000000000000000        0xc Src/syscalls.o
 .group         0x0000000000000000        0xc Src/syscalls.o
 .group         0x0000000000000000        0xc Src/syscalls.o
 .group         0x0000000000000000        0xc Src/syscalls.o
 .group         0x0000000000000000        0xc Src/syscalls.o
 .group         0x0000000000000000        0xc Src/syscalls.o
 .group         0x0000000000000000        0xc Src/syscalls.o
 .group         0x0000000000000000        0xc Src/syscalls.o
 .group         0x0000000000000000        0xc Src/syscalls.o
 .group         0x0000000000000000        0xc Src/syscalls.o
 .group         0x0000000000000000        0xc Src/syscalls.o
 .group         0x0000000000000000        0xc Src/syscalls.o
 .group         0x0000000000000000        0xc Src/syscalls.o
 .text          0x0000000000000000        0x0 Src/syscalls.o
 .data          0x0000000000000000        0x0 Src/syscalls.o
 .bss           0x0000000000000000        0x0 Src/syscalls.o
 .text.initialise_monitor_handles
                0x0000000000000000        0x2 Src/syscalls.o
 .text._getpid  0x0000000000000000        0x4 Src/syscalls.o
 .text._kill    0x0000000000000000       0x10 Src/syscalls.o
 .text._exit    0x0000000000000000        0xc Src/syscalls.o
 .text._read    0x0000000000000000       0x1c Src/syscalls.o
 .text._write   0x0000000000000000       0x1c Src/syscalls.o
 .text._close   0x0000000000000000        0x6 Src/syscalls.o
 .text._fstat   0x0000000000000000        0xa Src/syscalls.o
 .text._isatty  0x0000000000000000        0x4 Src/syscalls.o
 .text._lseek   0x0000000000000000        0x4 Src/syscalls.o
 .text._open    0x0000000000000000        0xa Src/syscalls.o
 .text._wait    0x0000000000000000       0x10 Src/syscalls.o
 .text._unlink  0x0000000000000000       0x10 Src/syscalls.o
 .text._times   0x0000000000000000        0x6 Src/syscalls.o
 .text._stat    0x0000000000000000        0xa Src/syscalls.o
 .text._link    0x0000000000000000       0x10 Src/syscalls.o
 .text._fork    0x0000000000000000       0x10 Src/syscalls.o
 .text._execve  0x0000000000000000       0x10 Src/syscalls.o
 .bss.__env     0x0000000000000000        0x4 Src/syscalls.o
 .data.environ  0x0000000000000000        0x4 Src/syscalls.o
 .debug_info    0x0000000000000000      0xf57 Src/syscalls.o
 .debug_abbrev  0x0000000000000000      0x27c Src/syscalls.o
 .debug_loc     0x0000000000000000      0x34c Src/syscalls.o
 .debug_aranges
                0x0000000000000000       0xa8 Src/syscalls.o
 .debug_ranges  0x0000000000000000       0x98 Src/syscalls.o
 .debug_macro   0x0000000000000000      0x243 Src/syscalls.o
 .debug_macro   0x0000000000000000      0xa66 Src/syscalls.o
 .debug_macro   0x0000000000000000       0x22 Src/syscalls.o
 .debug_macro   0x0000000000000000       0x40 Src/syscalls.o
 .debug_macro   0x0000000000000000       0x18 Src/syscalls.o
 .debug_macro   0x0000000000000000       0x94 Src/syscalls.o
 .debug_macro   0x0000000000000000       0x3c Src/syscalls.o
 .debug_macro   0x0000000000000000       0x34 Src/syscalls.o
 .debug_macro   0x0000000000000000       0x57 Src/syscalls.o
 .debug_macro   0x0000000000000000      0x174 Src/syscalls.o
 .debug_macro   0x0000000000000000      0x330 Src/syscalls.o
 .debug_macro   0x0000000000000000       0x52 Src/syscalls.o
 .debug_macro   0x0000000000000000       0x1f Src/syscalls.o
 .debug_macro   0x0000000000000000       0x43 Src/syscalls.o
 .debug_macro   0x0000000000000000       0x20 Src/syscalls.o
 .debug_macro   0x0000000000000000      0x1a3 Src/syscalls.o
 .debug_macro   0x0000000000000000       0x10 Src/syscalls.o
 .debug_macro   0x0000000000000000       0x35 Src/syscalls.o
 .debug_macro   0x0000000000000000       0x10 Src/syscalls.o
 .debug_macro   0x0000000000000000       0x10 Src/syscalls.o
 .debug_macro   0x0000000000000000       0x10 Src/syscalls.o
 .debug_macro   0x0000000000000000       0x6a Src/syscalls.o
 .debug_macro   0x0000000000000000       0x1c Src/syscalls.o
 .debug_macro   0x0000000000000000       0x52 Src/syscalls.o
 .debug_macro   0x0000000000000000       0x40 Src/syscalls.o
 .debug_macro   0x0000000000000000       0x10 Src/syscalls.o
 .debug_macro   0x0000000000000000       0x40 Src/syscalls.o
 .debug_macro   0x0000000000000000       0xd7 Src/syscalls.o
 .debug_macro   0x0000000000000000       0x1c Src/syscalls.o
 .debug_macro   0x0000000000000000       0x3d Src/syscalls.o
 .debug_macro   0x0000000000000000       0x35 Src/syscalls.o
 .debug_macro   0x0000000000000000      0x122 Src/syscalls.o
 .debug_macro   0x0000000000000000       0x16 Src/syscalls.o
 .debug_macro   0x0000000000000000       0x16 Src/syscalls.o
 .debug_macro   0x0000000000000000       0x29 Src/syscalls.o
 .debug_macro   0x0000000000000000       0x10 Src/syscalls.o
 .debug_macro   0x0000000000000000      0x241 Src/syscalls.o
 .debug_macro   0x0000000000000000       0x1c Src/syscalls.o
 .debug_macro   0x0000000000000000       0x10 Src/syscalls.o
 .debug_macro   0x0000000000000000       0x10 Src/syscalls.o
 .debug_macro   0x0000000000000000       0x16 Src/syscalls.o
 .debug_macro   0x0000000000000000      0x145 Src/syscalls.o
 .debug_macro   0x0000000000000000      0x189 Src/syscalls.o
 .debug_macro   0x0000000000000000       0x16 Src/syscalls.o
 .debug_macro   0x0000000000000000       0x88 Src/syscalls.o
 .debug_line    0x0000000000000000      0x72a Src/syscalls.o
 .debug_str     0x0000000000000000     0x88b2 Src/syscalls.o
 .comment       0x0000000000000000       0x7c Src/syscalls.o
 .debug_frame   0x0000000000000000      0x190 Src/syscalls.o
 .ARM.attributes
                0x0000000000000000       0x33 Src/syscalls.o
 .group         0x0000000000000000        0xc Src/sysmem.o
 .group         0x0000000000000000        0xc Src/sysmem.o
 .group         0x0000000000000000        0xc Src/sysmem.o
 .group         0x0000000000000000        0xc Src/sysmem.o
 .group         0x0000000000000000        0xc Src/sysmem.o
 .group         0x0000000000000000        0xc Src/sysmem.o
 .group         0x0000000000000000        0xc Src/sysmem.o
 .group         0x0000000000000000        0xc Src/sysmem.o
 .group         0x0000000000000000        0xc Src/sysmem.o
 .group         0x0000000000000000        0xc Src/sysmem.o
 .group         0x0000000000000000        0xc Src/sysmem.o
 .group         0x0000000000000000        0xc Src/sysmem.o
 .group         0x0000000000000000        0xc Src/sysmem.o
 .group         0x0000000000000000        0xc Src/sysmem.o
 .group         0x0000000000000000        0xc Src/sysmem.o
 .group         0x0000000000000000        0xc Src/sysmem.o
 .group         0x0000000000000000        0xc Src/sysmem.o
 .group         0x0000000000000000        0xc Src/sysmem.o
 .group         0x0000000000000000        0xc Src/sysmem.o
 .text          0x0000000000000000        0x0 Src/sysmem.o
 .data          0x0000000000000000        0x0 Src/sysmem.o
 .bss           0x0000000000000000        0x0 Src/sysmem.o
 .text._sbrk    0x0000000000000000       0x48 Src/sysmem.o
 .bss.__sbrk_heap_end
                0x0000000000000000        0x4 Src/sysmem.o
 .debug_info    0x0000000000000000      0x995 Src/sysmem.o
 .debug_abbrev  0x0000000000000000      0x1d3 Src/sysmem.o
 .debug_loc     0x0000000000000000       0x58 Src/sysmem.o
 .debug_aranges
                0x0000000000000000       0x20 Src/sysmem.o
 .debug_ranges  0x0000000000000000       0x10 Src/sysmem.o
 .debug_macro   0x0000000000000000       0xee Src/sysmem.o
 .debug_macro   0x0000000000000000      0xa66 Src/sysmem.o
 .debug_macro   0x0000000000000000       0x10 Src/sysmem.o
 .debug_macro   0x0000000000000000       0x22 Src/sysmem.o
 .debug_macro   0x0000000000000000       0x40 Src/sysmem.o
 .debug_macro   0x0000000000000000       0x18 Src/sysmem.o
 .debug_macro   0x0000000000000000       0x94 Src/sysmem.o
 .debug_macro   0x0000000000000000       0x3c Src/sysmem.o
 .debug_macro   0x0000000000000000       0x34 Src/sysmem.o
 .debug_macro   0x0000000000000000      0x174 Src/sysmem.o
 .debug_macro   0x0000000000000000       0x57 Src/sysmem.o
 .debug_macro   0x0000000000000000       0x52 Src/sysmem.o
 .debug_macro   0x0000000000000000       0x1f Src/sysmem.o
 .debug_macro   0x0000000000000000       0x43 Src/sysmem.o
 .debug_macro   0x0000000000000000       0x20 Src/sysmem.o
 .debug_macro   0x0000000000000000      0x1a3 Src/sysmem.o
 .debug_macro   0x0000000000000000      0x23b Src/sysmem.o
 .debug_macro   0x0000000000000000       0xef Src/sysmem.o
 .debug_macro   0x0000000000000000       0x6a Src/sysmem.o
 .debug_macro   0x0000000000000000      0x1df Src/sysmem.o
 .debug_line    0x0000000000000000      0x4c1 Src/sysmem.o
 .debug_str     0x0000000000000000     0x5f66 Src/sysmem.o
 .comment       0x0000000000000000       0x7c Src/sysmem.o
 .debug_frame   0x0000000000000000       0x28 Src/sysmem.o
 .ARM.attributes
                0x0000000000000000       0x33 Src/sysmem.o
 .text          0x0000000000000000       0x14 Startup/startup_stm32f407vgtx.o
 .data          0x0000000000000000        0x0 Startup/startup_stm32f407vgtx.o
 .bss           0x0000000000000000        0x0 Startup/startup_stm32f407vgtx.o
 .text          0x0000000000000000        0x0 c:/st/stm32cubeide_1.4.0/stm32cubeide/plugins/com.st.stm32cube.ide.mcu.externaltools.gnu-tools-for-stm32.7-2018-q2-update.win32_1.4.0.202007081208/tools/bin/../lib/gcc/arm-none-eabi/7.3.1/../../../../arm-none-eabi/lib/thumb/v7e-m\libc_nano.a(lib_a-errno.o)
 .data          0x0000000000000000        0x0 c:/st/stm32cubeide_1.4.0/stm32cubeide/plugins/com.st.stm32cube.ide.mcu.externaltools.gnu-tools-for-stm32.7-2018-q2-update.win32_1.4.0.202007081208/tools/bin/../lib/gcc/arm-none-eabi/7.3.1/../../../../arm-none-eabi/lib/thumb/v7e-m\libc_nano.a(lib_a-errno.o)
 .bss           0x0000000000000000        0x0 c:/st/stm32cubeide_1.4.0/stm32cubeide/plugins/com.st.stm32cube.ide.mcu.externaltools.gnu-tools-for-stm32.7-2018-q2-update.win32_1.4.0.202007081208/tools/bin/../lib/gcc/arm-none-eabi/7.3.1/../../../../arm-none-eabi/lib/thumb/v7e-m\libc_nano.a(lib_a-errno.o)
 .text.__errno  0x0000000000000000        0xc c:/st/stm32cubeide_1.4.0/stm32cubeide/plugins/com.st.stm32cube.ide.mcu.externaltools.gnu-tools-for-stm32.7-2018-q2-update.win32_1.4.0.202007081208/tools/bin/../lib/gcc/arm-none-eabi/7.3.1/../../../../arm-none-eabi/lib/thumb/v7e-m\libc_nano.a(lib_a-errno.o)
 .debug_frame   0x0000000000000000       0x20 c:/st/stm32cubeide_1.4.0/stm32cubeide/plugins/com.st.stm32cube.ide.mcu.externaltools.gnu-tools-for-stm32.7-2018-q2-update.win32_1.4.0.202007081208/tools/bin/../lib/gcc/arm-none-eabi/7.3.1/../../../../arm-none-eabi/lib/thumb/v7e-m\libc_nano.a(lib_a-errno.o)
 .ARM.attributes
                0x0000000000000000       0x2e c:/st/stm32cubeide_1.4.0/stm32cubeide/plugins/com.st.stm32cube.ide.mcu.externaltools.gnu-tools-for-stm32.7-2018-q2-update.win32_1.4.0.202007081208/tools/bin/../lib/gcc/arm-none-eabi/7.3.1/../../../../arm-none-eabi/lib/thumb/v7e-m\libc_nano.a(lib_a-errno.o)
 .text          0x0000000000000000        0x0 c:/st/stm32cubeide_1.4.0/stm32cubeide/plugins/com.st.stm32cube.ide.mcu.externaltools.gnu-tools-for-stm32.7-2018-q2-update.win32_1.4.0.202007081208/tools/bin/../lib/gcc/arm-none-eabi/7.3.1/../../../../arm-none-eabi/lib/thumb/v7e-m\libc_nano.a(lib_a-exit.o)
 .data          0x0000000000000000        0x0 c:/st/stm32cubeide_1.4.0/stm32cubeide/plugins/com.st.stm32cube.ide.mcu.externaltools.gnu-tools-for-stm32.7-2018-q2-update.win32_1.4.0.202007081208/tools/bin/../lib/gcc/arm-none-eabi/7.3.1/../../../../arm-none-eabi/lib/thumb/v7e-m\libc_nano.a(lib_a-exit.o)
 .bss           0x0000000000000000        0x0 c:/st/stm32cubeide_1.4.0/stm32cubeide/plugins/com.st.stm32cube.ide.mcu.externaltools.gnu-tools-for-stm32.7-2018-q2-update.win32_1.4.0.202007081208/tools/bin/../lib/gcc/arm-none-eabi/7.3.1/../../../../arm-none-eabi/lib/thumb/v7e-m\libc_nano.a(lib_a-exit.o)
 .text.exit     0x0000000000000000       0x28 c:/st/stm32cubeide_1.4.0/stm32cubeide/plugins/com.st.stm32cube.ide.mcu.externaltools.gnu-tools-for-stm32.7-2018-q2-update.win32_1.4.0.202007081208/tools/bin/../lib/gcc/arm-none-eabi/7.3.1/../../../../arm-none-eabi/lib/thumb/v7e-m\libc_nano.a(lib_a-exit.o)
 .debug_frame   0x0000000000000000       0x28 c:/st/stm32cubeide_1.4.0/stm32cubeide/plugins/com.st.stm32cube.ide.mcu.externaltools.gnu-tools-for-stm32.7-2018-q2-update.win32_1.4.0.202007081208/tools/bin/../lib/gcc/arm-none-eabi/7.3.1/../../../../arm-none-eabi/lib/thumb/v7e-m\libc_nano.a(lib_a-exit.o)
 .ARM.attributes
                0x0000000000000000       0x2e c:/st/stm32cubeide_1.4.0/stm32cubeide/plugins/com.st.stm32cube.ide.mcu.externaltools.gnu-tools-for-stm32.7-2018-q2-update.win32_1.4.0.202007081208/tools/bin/../lib/gcc/arm-none-eabi/7.3.1/../../../../arm-none-eabi/lib/thumb/v7e-m\libc_nano.a(lib_a-exit.o)
 .text          0x0000000000000000        0x0 c:/st/stm32cubeide_1.4.0/stm32cubeide/plugins/com.st.stm32cube.ide.mcu.externaltools.gnu-tools-for-stm32.7-2018-q2-update.win32_1.4.0.202007081208/tools/bin/../lib/gcc/arm-none-eabi/7.3.1/../../../../arm-none-eabi/lib/thumb/v7e-m\libc_nano.a(lib_a-impure.o)
 .data          0x0000000000000000        0x0 c:/st/stm32cubeide_1.4.0/stm32cubeide/plugins/com.st.stm32cube.ide.mcu.externaltools.gnu-tools-for-stm32.7-2018-q2-update.win32_1.4.0.202007081208/tools/bin/../lib/gcc/arm-none-eabi/7.3.1/../../../../arm-none-eabi/lib/thumb/v7e-m\libc_nano.a(lib_a-impure.o)
 .bss           0x0000000000000000        0x0 c:/st/stm32cubeide_1.4.0/stm32cubeide/plugins/com.st.stm32cube.ide.mcu.externaltools.gnu-tools-for-stm32.7-2018-q2-update.win32_1.4.0.202007081208/tools/bin/../lib/gcc/arm-none-eabi/7.3.1/../../../../arm-none-eabi/lib/thumb/v7e-m\libc_nano.a(lib_a-impure.o)
 .data._impure_ptr
                0x0000000000000000        0x4 c:/st/stm32cubeide_1.4.0/stm32cubeide/plugins/com.st.stm32cube.ide.mcu.externaltools.gnu-tools-for-stm32.7-2018-q2-update.win32_1.4.0.202007081208/tools/bin/../lib/gcc/arm-none-eabi/7.3.1/../../../../arm-none-eabi/lib/thumb/v7e-m\libc_nano.a(lib_a-impure.o)
 .data.impure_data
                0x0000000000000000       0x60 c:/st/stm32cubeide_1.4.0/stm32cubeide/plugins/com.st.stm32cube.ide.mcu.externaltools.gnu-tools-for-stm32.7-2018-q2-update.win32_1.4.0.202007081208/tools/bin/../lib/gcc/arm-none-eabi/7.3.1/../../../../arm-none-eabi/lib/thumb/v7e-m\libc_nano.a(lib_a-impure.o)
 .rodata._global_impure_ptr
                0x0000000000000000        0x4 c:/st/stm32cubeide_1.4.0/stm32cubeide/plugins/com.st.stm32cube.ide.mcu.externaltools.gnu-tools-for-stm32.7-2018-q2-update.win32_1.4.0.202007081208/tools/bin/../lib/gcc/arm-none-eabi/7.3.1/../../../../arm-none-eabi/lib/thumb/v7e-m\libc_nano.a(lib_a-impure.o)
 .ARM.attributes
                0x0000000000000000       0x2e c:/st/stm32cubeide_1.4.0/stm32cubeide/plugins/com.st.stm32cube.ide.mcu.externaltools.gnu-tools-for-stm32.7-2018-q2-update.win32_1.4.0.202007081208/tools/bin/../lib/gcc/arm-none-eabi/7.3.1/../../../../arm-none-eabi/lib/thumb/v7e-m\libc_nano.a(lib_a-impure.o)
 .text          0x0000000000000000        0x0 c:/st/stm32cubeide_1.4.0/stm32cubeide/plugins/com.st.stm32cube.ide.mcu.externaltools.gnu-tools-for-stm32.7-2018-q2-update.win32_1.4.0.202007081208/tools/bin/../lib/gcc/arm-none-eabi/7.3.1/../../../../arm-none-eabi/lib/thumb/v7e-m\libc_nano.a(lib_a-init.o)
 .data          0x0000000000000000        0x0 c:/st/stm32cubeide_1.4.0/stm32cubeide/plugins/com.st.stm32cube.ide.mcu.externaltools.gnu-tools-for-stm32.7-2018-q2-update.win32_1.4.0.202007081208/tools/bin/../lib/gcc/arm-none-eabi/7.3.1/../../../../arm-none-eabi/lib/thumb/v7e-m\libc_nano.a(lib_a-init.o)
 .bss           0x0000000000000000        0x0 c:/st/stm32cubeide_1.4.0/stm32cubeide/plugins/com.st.stm32cube.ide.mcu.externaltools.gnu-tools-for-stm32.7-2018-q2-update.win32_1.4.0.202007081208/tools/bin/../lib/gcc/arm-none-eabi/7.3.1/../../../../arm-none-eabi/lib/thumb/v7e-m\libc_nano.a(lib_a-init.o)
 .text          0x0000000000000000        0x0 c:/st/stm32cubeide_1.4.0/stm32cubeide/plugins/com.st.stm32cube.ide.mcu.externaltools.gnu-tools-for-stm32.7-2018-q2-update.win32_1.4.0.202007081208/tools/bin/../lib/gcc/arm-none-eabi/7.3.1/../../../../arm-none-eabi/lib/thumb/v7e-m\libc_nano.a(lib_a-memset.o)
 .data          0x0000000000000000        0x0 c:/st/stm32cubeide_1.4.0/stm32cubeide/plugins/com.st.stm32cube.ide.mcu.externaltools.gnu-tools-for-stm32.7-2018-q2-update.win32_1.4.0.202007081208/tools/bin/../lib/gcc/arm-none-eabi/7.3.1/../../../../arm-none-eabi/lib/thumb/v7e-m\libc_nano.a(lib_a-memset.o)
 .bss           0x0000000000000000        0x0 c:/st/stm32cubeide_1.4.0/stm32cubeide/plugins/com.st.stm32cube.ide.mcu.externaltools.gnu-tools-for-stm32.7-2018-q2-update.win32_1.4.0.202007081208/tools/bin/../lib/gcc/arm-none-eabi/7.3.1/../../../../arm-none-eabi/lib/thumb/v7e-m\libc_nano.a(lib_a-memset.o)
 .text.memset   0x0000000000000000       0x10 c:/st/stm32cubeide_1.4.0/stm32cubeide/plugins/com.st.stm32cube.ide.mcu.externaltools.gnu-tools-for-stm32.7-2018-q2-update.win32_1.4.0.202007081208/tools/bin/../lib/gcc/arm-none-eabi/7.3.1/../../../../arm-none-eabi/lib/thumb/v7e-m\libc_nano.a(lib_a-memset.o)
 .debug_frame   0x0000000000000000       0x20 c:/st/stm32cubeide_1.4.0/stm32cubeide/plugins/com.st.stm32cube.ide.mcu.externaltools.gnu-tools-for-stm32.7-2018-q2-update.win32_1.4.0.202007081208/tools/bin/../lib/gcc/arm-none-eabi/7.3.1/../../../../arm-none-eabi/lib/thumb/v7e-m\libc_nano.a(lib_a-memset.o)
 .ARM.attributes
                0x0000000000000000       0x2e c:/st/stm32cubeide_1.4.0/stm32cubeide/plugins/com.st.stm32cube.ide.mcu.externaltools.gnu-tools-for-stm32.7-2018-q2-update.win32_1.4.0.202007081208/tools/bin/../lib/gcc/arm-none-eabi/7.3.1/../../../../arm-none-eabi/lib/thumb/v7e-m\libc_nano.a(lib_a-memset.o)
 .data          0x0000000000000000        0x0 c:/st/stm32cubeide_1.4.0/stm32cubeide/plugins/com.st.stm32cube.ide.mcu.externaltools.gnu-tools-for-stm32.7-2018-q2-update.win32_1.4.0.202007081208/tools/bin/../lib/gcc/arm-none-eabi/7.3.1/../../../../arm-none-eabi/lib/thumb/v7e-m\libc_nano.a(lib_a-strlen.o)
 .bss           0x0000000000000000        0x0 c:/st/stm32cubeide_1.4.0/stm32cubeide/plugins/com.st.stm32cube.ide.mcu.externaltools.gnu-tools-for-stm32.7-2018-q2-update.win32_1.4.0.202007081208/tools/bin/../lib/gcc/arm-none-eabi/7.3.1/../../../../arm-none-eabi/lib/thumb/v7e-m\libc_nano.a(lib_a-strlen.o)
 .text          0x0000000000000000        0x0 c:/st/stm32cubeide_1.4.0/stm32cubeide/plugins/com.st.stm32cube.ide.mcu.externaltools.gnu-tools-for-stm32.7-2018-q2-update.win32_1.4.0.202007081208/tools/bin/../lib/gcc/arm-none-eabi/7.3.1/thumb/v7e-m/crtend.o
 .data          0x0000000000000000        0x0 c:/st/stm32cubeide_1.4.0/stm32cubeide/plugins/com.st.stm32cube.ide.mcu.externaltools.gnu-tools-for-stm32.7-2018-q2-update.win32_1.4.0.202007081208/tools/bin/../lib/gcc/arm-none-eabi/7.3.1/thumb/v7e-m/crtend.o
 .bss           0x0000000000000000        0x0 c:/st/stm32cubeide_1.4.0/stm32cubeide/plugins/com.st.stm32cube.ide.mcu.externaltools.gnu-tools-for-stm32.7-2018-q2-update.win32_1.4.0.202007081208/tools/bin/../lib/gcc/arm-none-eabi/7.3.1/thumb/v7e-m/crtend.o
 .eh_frame      0x0000000000000000        0x4 c:/st/stm32cubeide_1.4.0/stm32cubeide/plugins/com.st.stm32cube.ide.mcu.externaltools.gnu-tools-for-stm32.7-2018-q2-update.win32_1.4.0.202007081208/tools/bin/../lib/gcc/arm-none-eabi/7.3.1/thumb/v7e-m/crtend.o
 .ARM.attributes
                0x0000000000000000       0x2e c:/st/stm32cubeide_1.4.0/stm32cubeide/plugins/com.st.stm32cube.ide.mcu.externaltools.gnu-tools-for-stm32.7-2018-q2-update.win32_1.4.0.202007081208/tools/bin/../lib/gcc/arm-none-eabi/7.3.1/thumb/v7e-m/crtend.o
 .text          0x0000000000000000        0x0 c:/st/stm32cubeide_1.4.0/stm32cubeide/plugins/com.st.stm32cube.ide.mcu.externaltools.gnu-tools-for-stm32.7-2018-q2-update.win32_1.4.0.202007081208/tools/bin/../lib/gcc/arm-none-eabi/7.3.1/thumb/v7e-m/crtn.o
 .data          0x0000000000000000        0x0 c:/st/stm32cubeide_1.4.0/stm32cubeide/plugins/com.st.stm32cube.ide.mcu.externaltools.gnu-tools-for-stm32.7-2018-q2-update.win32_1.4.0.202007081208/tools/bin/../lib/gcc/arm-none-eabi/7.3.1/thumb/v7e-m/crtn.o
 .bss           0x0000000000000000        0x0 c:/st/stm32cubeide_1.4.0/stm32cubeide/plugins/com.st.stm32cube.ide.mcu.externaltools.gnu-tools-for-stm32.7-2018-q2-update.win32_1.4.0.202007081208/tools/bin/../lib/gcc/arm-none-eabi/7.3.1/thumb/v7e-m/crtn.o

Memory Configuration

Name             Origin             Length             Attributes
RAM              0x0000000020000000 0x0000000000020000 xrw
ROM              0x0000000008000000 0x0000000000100000 xr
*default*        0x0000000000000000 0xffffffffffffffff

Linker script and memory map

LOAD c:/st/stm32cubeide_1.4.0/stm32cubeide/plugins/com.st.stm32cube.ide.mcu.externaltools.gnu-tools-for-stm32.7-2018-q2-update.win32_1.4.0.202007081208/tools/bin/../lib/gcc/arm-none-eabi/7.3.1/thumb/v7e-m/crti.o
LOAD c:/st/stm32cubeide_1.4.0/stm32cubeide/plugins/com.st.stm32cube.ide.mcu.externaltools.gnu-tools-for-stm32.7-2018-q2-update.win32_1.4.0.202007081208/tools/bin/../lib/gcc/arm-none-eabi/7.3.1/thumb/v7e-m/crtbegin.o
LOAD c:/st/stm32cubeide_1.4.0/stm32cubeide/plugins/com.st.stm32cube.ide.mcu.externaltools.gnu-tools-for-stm32.7-2018-q2-update.win32_1.4.0.202007081208/tools/bin/../lib/gcc/arm-none-eabi/7.3.1/../../../../arm-none-eabi/lib/thumb/v7e-m/crt0.o
LOAD Drivers/Src/stm32f407xx_gpio_driver.o
LOAD Drivers/Src/stm32f407xx_lcm1602a_driver.o
LOAD Drivers/Src/stm32f407xx_spi_driver.o
LOAD Src/lcm1602a_test.o
LOAD Src/syscalls.o
LOAD Src/sysmem.o
LOAD Startup/startup_stm32f407vgtx.o
START GROUP
LOAD c:/st/stm32cubeide_1.4.0/stm32cubeide/plugins/com.st.stm32cube.ide.mcu.externaltools.gnu-tools-for-stm32.7-2018-q2-update.win32_1.4.0.202007081208/tools/bin/../lib/gcc/arm-none-eabi/7.3.1/../../../../arm-none-eabi/lib/thumb/v7e-m\libc_nano.a
LOAD c:/st/stm32cubeide_1.4.0/stm32cubeide/plugins/com.st.stm32cube.ide.mcu.externaltools.gnu-tools-for-stm32.7-2018-q2-update.win32_1.4.0.202007081208/tools/bin/../lib/gcc/arm-none-eabi/7.3.1/../../../../arm-none-eabi/lib/thumb/v7e-m\libm.a
END GROUP
START GROUP
LOAD c:/st/stm32cubeide_1.4.0/stm32cubeide/plugins/com.st.stm32cube.ide.mcu.externaltools.gnu-tools-for-stm32.7-2018-q2-update.win32_1.4.0.202007081208/tools/bin/../lib/gcc/arm-none-eabi/7.3.1/thumb/v7e-m\libgcc.a
LOAD c:/st/stm32cubeide_1.4.0/stm32cubeide/plugins/com.st.stm32cube.ide.mcu.externaltools.gnu-tools-for-stm32.7-2018-q2-update.win32_1.4.0.202007081208/tools/bin/../lib/gcc/arm-none-eabi/7.3.1/../../../../arm-none-eabi/lib/thumb/v7e-m\libc_nano.a
END GROUP
START GROUP
LOAD c:/st/stm32cubeide_1.4.0/stm32cubeide/plugins/com.st.stm32cube.ide.mcu.externaltools.gnu-tools-for-stm32.7-2018-q2-update.win32_1.4.0.202007081208/tools/bin/../lib/gcc/arm-none-eabi/7.3.1/thumb/v7e-m\libgcc.a
LOAD c:/st/stm32cubeide_1.4.0/stm32cubeide/plugins/com.st.stm32cube.ide.mcu.externaltools.gnu-tools-for-stm32.7-2018-q2-update.win32_1.4.0.202007081208/tools/bin/../lib/gcc/arm-none-eabi/7.3.1/../../../../arm-none-eabi/lib/thumb/v7e-m\libc_nano.a
LOAD c:/st/stm32cubeide_1.4.0/stm32cubeide/plugins/com.st.stm32cube.ide.mcu.externaltools.gnu-tools-for-stm32.7-2018-q2-update.win32_1.4.0.202007081208/tools/bin/../lib/gcc/arm-none-eabi/7.3.1/../../../../arm-none-eabi/lib/thumb/v7e-m\libnosys.a
END GROUP
START GROUP
LOAD c:/st/stm32cubeide_1.4.0/stm32cubeide/plugins/com.st.stm32cube.ide.mcu.externaltools.gnu-tools-for-stm32.7-2018-q2-update.win32_1.4.0.202007081208/tools/bin/../lib/gcc/arm-none-eabi/7.3.1/thumb/v7e-m\libgcc.a
LOAD c:/st/stm32cubeide_1.4.0/stm32cubeide/plugins/com.st.stm32cube.ide.mcu.externaltools.gnu-tools-for-stm32.7-2018-q2-update.win32_1.4.0.202007081208/tools/bin/../lib/gcc/arm-none-eabi/7.3.1/../../../../arm-none-eabi/lib/thumb/v7e-m\libc_nano.a
LOAD c:/st/stm32cubeide_1.4.0/stm32cubeide/plugins/com.st.stm32cube.ide.mcu.externaltools.gnu-tools-for-stm32.7-2018-q2-update.win32_1.4.0.202007081208/tools/bin/../lib/gcc/arm-none-eabi/7.3.1/../../../../arm-none-eabi/lib/thumb/v7e-m\libnosys.a
END GROUP
LOAD c:/st/stm32cubeide_1.4.0/stm32cubeide/plugins/com.st.stm32cube.ide.mcu.externaltools.gnu-tools-for-stm32.7-2018-q2-update.win32_1.4.0.202007081208/tools/bin/../lib/gcc/arm-none-eabi/7.3.1/thumb/v7e-m/crtend.o
LOAD c:/st/stm32cubeide_1.4.0/stm32cubeide/plugins/com.st.stm32cube.ide.mcu.externaltools.gnu-tools-for-stm32.7-2018-q2-update.win32_1.4.0.202007081208/tools/bin/../lib/gcc/arm-none-eabi/7.3.1/thumb/v7e-m/crtn.o
                0x0000000020020000                _estack = (ORIGIN (RAM) + LENGTH (RAM))
                0x0000000000000200                _Min_Heap_Size = 0x200
                0x0000000000000400                _Min_Stack_Size = 0x400

.isr_vector     0x0000000008000000      0x1a8
                0x0000000008000000                . = ALIGN (0x4)
 *(.isr_vector)
 .isr_vector    0x0000000008000000      0x1a8 Startup/startup_stm32f407vgtx.o
                0x0000000008000000                g_pfnVectors
                0x00000000080001a8                . = ALIGN (0x4)

.text           0x00000000080001a8      0x728
                0x00000000080001a8                . = ALIGN (0x4)
 *(.text)
 .text          0x00000000080001a8       0x40 c:/st/stm32cubeide_1.4.0/stm32cubeide/plugins/com.st.stm32cube.ide.mcu.externaltools.gnu-tools-for-stm32.7-2018-q2-update.win32_1.4.0.202007081208/tools/bin/../lib/gcc/arm-none-eabi/7.3.1/thumb/v7e-m/crtbegin.o
 .text          0x00000000080001e8       0x10 c:/st/stm32cubeide_1.4.0/stm32cubeide/plugins/com.st.stm32cube.ide.mcu.externaltools.gnu-tools-for-stm32.7-2018-q2-update.win32_1.4.0.202007081208/tools/bin/../lib/gcc/arm-none-eabi/7.3.1/../../../../arm-none-eabi/lib/thumb/v7e-m\libc_nano.a(lib_a-strlen.o)
                0x00000000080001e8                strlen
 *(.text*)
 .text.GPIO_PCLKControl
                0x00000000080001f8      0x1d8 Drivers/Src/stm32f407xx_gpio_driver.o
                0x00000000080001f8                GPIO_PCLKControl
 .text.GPIO_Init
                0x00000000080003d0      0x1f0 Drivers/Src/stm32f407xx_gpio_driver.o
                0x00000000080003d0                GPIO_Init
 .text.GPIO_ReadFromInputPin
                0x00000000080005c0        0xa Drivers/Src/stm32f407xx_gpio_driver.o
                0x00000000080005c0                GPIO_ReadFromInputPin
 .text.GPIO_WriteToOutputPin
                0x00000000080005ca       0x20 Drivers/Src/stm32f407xx_gpio_driver.o
                0x00000000080005ca                GPIO_WriteToOutputPin
 *fill*         0x00000000080005ea        0x2 
 .text.LCM1602a_Hang_Busy_Flag
                0x00000000080005ec       0x7c Drivers/Src/stm32f407xx_lcm1602a_driver.o
 .text.LCM1602a_Data8_GPIOInit
                0x0000000008000668       0x90 Drivers/Src/stm32f407xx_lcm1602a_driver.o
                0x0000000008000668                LCM1602a_Data8_GPIOInit
 .text.LCM1602a_Write8_Data
                0x00000000080006f8       0x7c Drivers/Src/stm32f407xx_lcm1602a_driver.o
                0x00000000080006f8                LCM1602a_Write8_Data
 .text.LCM1602a_Write8_Message
                0x0000000008000774       0x24 Drivers/Src/stm32f407xx_lcm1602a_driver.o
                0x0000000008000774                LCM1602a_Write8_Message
 .text.main     0x0000000008000798       0x84 Src/lcm1602a_test.o
                0x0000000008000798                main
 .text.Reset_Handler
                0x000000000800081c       0x50 Startup/startup_stm32f407vgtx.o
                0x000000000800081c                Reset_Handler
 .text.Default_Handler
                0x000000000800086c        0x2 Startup/startup_stm32f407vgtx.o
                0x000000000800086c                RTC_Alarm_IRQHandler
                0x000000000800086c                HASH_RNG_IRQHandler
                0x000000000800086c                EXTI2_IRQHandler
                0x000000000800086c                TIM8_CC_IRQHandler
                0x000000000800086c                DebugMon_Handler
                0x000000000800086c                TIM1_CC_IRQHandler
                0x000000000800086c                DMA2_Stream5_IRQHandler
                0x000000000800086c                HardFault_Handler
                0x000000000800086c                DMA1_Stream5_IRQHandler
                0x000000000800086c                SysTick_Handler
                0x000000000800086c                PVD_IRQHandler
                0x000000000800086c                SDIO_IRQHandler
                0x000000000800086c                TAMP_STAMP_IRQHandler
                0x000000000800086c                PendSV_Handler
                0x000000000800086c                NMI_Handler
                0x000000000800086c                CAN2_RX1_IRQHandler
                0x000000000800086c                EXTI3_IRQHandler
                0x000000000800086c                TIM8_TRG_COM_TIM14_IRQHandler
                0x000000000800086c                TIM1_UP_TIM10_IRQHandler
                0x000000000800086c                TIM8_UP_TIM13_IRQHandler
                0x000000000800086c                I2C3_ER_IRQHandler
                0x000000000800086c                LCD_TFT_IRQHandler
                0x000000000800086c                EXTI0_IRQHandler
                0x000000000800086c                I2C2_EV_IRQHandler
                0x000000000800086c                DMA1_Stream2_IRQHandler
                0x000000000800086c                CAN1_RX0_IRQHandler
                0x000000000800086c                FPU_IRQHandler
                0x000000000800086c                OTG_HS_WKUP_IRQHandler
                0x000000000800086c                UsageFault_Handler
                0x000000000800086c                CAN2_SCE_IRQHandler
                0x000000000800086c                DMA2_Stream2_IRQHandler
                0x000000000800086c                SPI1_IRQHandler
                0x000000000800086c                TIM6_DAC_IRQHandler
                0x000000000800086c                TIM1_BRK_TIM9_IRQHandler
                0x000000000800086c                DCMI_IRQHandler
                0x000000000800086c                CAN2_RX0_IRQHandler
                0x000000000800086c                DMA2_Stream3_IRQHandler
                0x000000000800086c                USART6_IRQHandler
                0x000000000800086c                USART3_IRQHandler
                0x000000000800086c                CRYP_IRQHandler
                0x000000000800086c                CAN1_RX1_IRQHandler
                0x000000000800086c                UART5_IRQHandler
                0x000000000800086c                DMA2_Stream0_IRQHandler
                0x000000000800086c                TIM4_IRQHandler
                0x000000000800086c                I2C1_EV_IRQHandler
                0x000000000800086c                DMA1_Stream6_IRQHandler
                0x000000000800086c                DMA1_Stream1_IRQHandler
                0x000000000800086c                UART4_IRQHandler
                0x000000000800086c                LCD_TFT_1_IRQHandler
                0x000000000800086c                TIM3_IRQHandler
                0x000000000800086c                RCC_IRQHandler
                0x000000000800086c                TIM8_BRK_TIM12_IRQHandler
                0x000000000800086c                Default_Handler
                0x000000000800086c                EXTI15_10_IRQHandler
                0x000000000800086c                ADC_IRQHandler
                0x000000000800086c                DMA1_Stream7_IRQHandler
                0x000000000800086c                TIM7_IRQHandler
                0x000000000800086c                CAN2_TX_IRQHandler
                0x000000000800086c                TIM5_IRQHandler
                0x000000000800086c                DMA2_Stream7_IRQHandler
                0x000000000800086c                I2C3_EV_IRQHandler
                0x000000000800086c                EXTI9_5_IRQHandler
                0x000000000800086c                RTC_WKUP_IRQHandler
                0x000000000800086c                ETH_WKUP_IRQHandler
                0x000000000800086c                SPI2_IRQHandler
                0x000000000800086c                OTG_HS_EP1_IN_IRQHandler
                0x000000000800086c                MemManage_Handler
                0x000000000800086c                DMA1_Stream0_IRQHandler
                0x000000000800086c                CAN1_TX_IRQHandler
                0x000000000800086c                SVC_Handler
                0x000000000800086c                EXTI4_IRQHandler
                0x000000000800086c                FSMC_IRQHandler
                0x000000000800086c                ETH_IRQHandler
                0x000000000800086c                OTG_HS_EP1_OUT_IRQHandler
                0x000000000800086c                WWDG_IRQHandler
                0x000000000800086c                TIM2_IRQHandler
                0x000000000800086c                OTG_FS_WKUP_IRQHandler
                0x000000000800086c                TIM1_TRG_COM_TIM11_IRQHandler
                0x000000000800086c                OTG_HS_IRQHandler
                0x000000000800086c                EXTI1_IRQHandler
                0x000000000800086c                USART2_IRQHandler
                0x000000000800086c                I2C2_ER_IRQHandler
                0x000000000800086c                DMA2_Stream1_IRQHandler
                0x000000000800086c                CAN1_SCE_IRQHandler
                0x000000000800086c                DMA2_Stream4_IRQHandler
                0x000000000800086c                BusFault_Handler
                0x000000000800086c                USART1_IRQHandler
                0x000000000800086c                OTG_FS_IRQHandler
                0x000000000800086c                SPI3_IRQHandler
                0x000000000800086c                DMA1_Stream4_IRQHandler
                0x000000000800086c                I2C1_ER_IRQHandler
                0x000000000800086c                DMA2_Stream6_IRQHandler
                0x000000000800086c                DMA1_Stream3_IRQHandler
 *fill*         0x000000000800086e        0x2 
 .text.__libc_init_array
                0x0000000008000870       0x48 c:/st/stm32cubeide_1.4.0/stm32cubeide/plugins/com.st.stm32cube.ide.mcu.externaltools.gnu-tools-for-stm32.7-2018-q2-update.win32_1.4.0.202007081208/tools/bin/../lib/gcc/arm-none-eabi/7.3.1/../../../../arm-none-eabi/lib/thumb/v7e-m\libc_nano.a(lib_a-init.o)
                0x0000000008000870                __libc_init_array
 *(.glue_7)
 .glue_7        0x00000000080008b8        0x0 linker stubs
 *(.glue_7t)
 .glue_7t       0x00000000080008b8        0x0 linker stubs
 *(.eh_frame)
 .eh_frame      0x00000000080008b8        0x0 c:/st/stm32cubeide_1.4.0/stm32cubeide/plugins/com.st.stm32cube.ide.mcu.externaltools.gnu-tools-for-stm32.7-2018-q2-update.win32_1.4.0.202007081208/tools/bin/../lib/gcc/arm-none-eabi/7.3.1/thumb/v7e-m/crtbegin.o
 *(.init)
 .init          0x00000000080008b8        0x4 c:/st/stm32cubeide_1.4.0/stm32cubeide/plugins/com.st.stm32cube.ide.mcu.externaltools.gnu-tools-for-stm32.7-2018-q2-update.win32_1.4.0.202007081208/tools/bin/../lib/gcc/arm-none-eabi/7.3.1/thumb/v7e-m/crti.o
                0x00000000080008b8                _init
 .init          0x00000000080008bc        0x8 c:/st/stm32cubeide_1.4.0/stm32cubeide/plugins/com.st.stm32cube.ide.mcu.externaltools.gnu-tools-for-stm32.7-2018-q2-update.win32_1.4.0.202007081208/tools/bin/../lib/gcc/arm-none-eabi/7.3.1/thumb/v7e-m/crtn.o
 *(.fini)
 .fini          0x00000000080008c4        0x4 c:/st/stm32cubeide_1.4.0/stm32cubeide/plugins/com.st.stm32cube.ide.mcu.externaltools.gnu-tools-for-stm32.7-2018-q2-update.win32_1.4.0.202007081208/tools/bin/../lib/gcc/arm-none-eabi/7.3.1/thumb/v7e-m/crti.o
                0x00000000080008c4                _fini
 .fini          0x00000000080008c8        0x8 c:/st/stm32cubeide_1.4.0/stm32cubeide/plugins/com.st.stm32cube.ide.mcu.externaltools.gnu-tools-for-stm32.7-2018-q2-update.win32_1.4.0.202007081208/tools/bin/../lib/gcc/arm-none-eabi/7.3.1/thumb/v7e-m/crtn.o
                0x00000000080008d0                . = ALIGN (0x4)
                0x00000000080008d0                _etext = .

.vfp11_veneer   0x00000000080008d0        0x0
 .vfp11_veneer  0x00000000080008d0        0x0 linker stubs

.v4_bx          0x00000000080008d0        0x0
 .v4_bx         0x00000000080008d0        0x0 linker stubs

.iplt           0x00000000080008d0        0x0
 .iplt          0x00000000080008d0        0x0 c:/st/stm32cubeide_1.4.0/stm32cubeide/plugins/com.st.stm32cube.ide.mcu.externaltools.gnu-tools-for-stm32.7-2018-q2-update.win32_1.4.0.202007081208/tools/bin/../lib/gcc/arm-none-eabi/7.3.1/thumb/v7e-m/crtbegin.o

.rodata         0x00000000080008d0       0x40
                0x00000000080008d0                . = ALIGN (0x4)
 *(.rodata)
 .rodata        0x00000000080008d0       0x37 Src/lcm1602a_test.o
 *(.rodata*)
 *fill*         0x0000000008000907        0x1 
 .rodata.main.str1.4
                0x0000000008000908        0x8 Src/lcm1602a_test.o
                                          0x6 (size before relaxing)
                0x0000000008000910                . = ALIGN (0x4)

.rel.dyn        0x0000000008000910        0x0
 .rel.iplt      0x0000000008000910        0x0 c:/st/stm32cubeide_1.4.0/stm32cubeide/plugins/com.st.stm32cube.ide.mcu.externaltools.gnu-tools-for-stm32.7-2018-q2-update.win32_1.4.0.202007081208/tools/bin/../lib/gcc/arm-none-eabi/7.3.1/thumb/v7e-m/crtbegin.o

.ARM.extab      0x0000000008000910        0x0
                0x0000000008000910                . = ALIGN (0x4)
 *(.ARM.extab* .gnu.linkonce.armextab.*)
                0x0000000008000910                . = ALIGN (0x4)

.ARM            0x0000000008000910        0x0
                0x0000000008000910                . = ALIGN (0x4)
                0x0000000008000910                __exidx_start = .
 *(.ARM.exidx*)
                0x0000000008000910                __exidx_end = .
                0x0000000008000910                . = ALIGN (0x4)

.preinit_array  0x0000000008000910        0x0
                0x0000000008000910                . = ALIGN (0x4)
                0x0000000008000910                PROVIDE (__preinit_array_start = .)
 *(.preinit_array*)
                0x0000000008000910                PROVIDE (__preinit_array_end = .)
                0x0000000008000910                . = ALIGN (0x4)

.init_array     0x0000000008000910        0x4
                0x0000000008000910                . = ALIGN (0x4)
                0x0000000008000910                PROVIDE (__init_array_start = .)
 *(SORT_BY_NAME(.init_array.*))
 *(.init_array*)
 .init_array    0x0000000008000910        0x4 c:/st/stm32cubeide_1.4.0/stm32cubeide/plugins/com.st.stm32cube.ide.mcu.externaltools.gnu-tools-for-stm32.7-2018-q2-update.win32_1.4.0.202007081208/tools/bin/../lib/gcc/arm-none-eabi/7.3.1/thumb/v7e-m/crtbegin.o
                0x0000000008000914                PROVIDE (__init_array_end = .)
                0x0000000008000914                . = ALIGN (0x4)

.fini_array     0x0000000008000914        0x4
                0x0000000008000914                . = ALIGN (0x4)
                [!provide]                        PROVIDE (__fini_array_start = .)
 *(SORT_BY_NAME(.fini_array.*))
 *(.fini_array*)
 .fini_array    0x0000000008000914        0x4 c:/st/stm32cubeide_1.4.0/stm32cubeide/plugins/com.st.stm32cube.ide.mcu.externaltools.gnu-tools-for-stm32.7-2018-q2-update.win32_1.4.0.202007081208/tools/bin/../lib/gcc/arm-none-eabi/7.3.1/thumb/v7e-m/crtbegin.o
                [!provide]                        PROVIDE (__fini_array_end = .)
                0x0000000008000918                . = ALIGN (0x4)
                0x0000000008000918                _sidata = LOADADDR (.data)

.data           0x0000000020000000        0x0 load address 0x0000000008000918
                0x0000000020000000                . = ALIGN (0x4)
                0x0000000020000000                _sdata = .
 *(.data)
 *(.data*)
                0x0000000020000000                . = ALIGN (0x4)
                0x0000000020000000                _edata = .

.igot.plt       0x0000000020000000        0x0 load address 0x0000000008000918
 .igot.plt      0x0000000020000000        0x0 c:/st/stm32cubeide_1.4.0/stm32cubeide/plugins/com.st.stm32cube.ide.mcu.externaltools.gnu-tools-for-stm32.7-2018-q2-update.win32_1.4.0.202007081208/tools/bin/../lib/gcc/arm-none-eabi/7.3.1/thumb/v7e-m/crtbegin.o
                0x0000000020000000                . = ALIGN (0x4)

.bss            0x0000000020000000       0xa4 load address 0x0000000008000918
                0x0000000020000000                _sbss = .
                0x0000000020000000                __bss_start__ = _sbss
 *(.bss)
 .bss           0x0000000020000000       0x1c c:/st/stm32cubeide_1.4.0/stm32cubeide/plugins/com.st.stm32cube.ide.mcu.externaltools.gnu-tools-for-stm32.7-2018-q2-update.win32_1.4.0.202007081208/tools/bin/../lib/gcc/arm-none-eabi/7.3.1/thumb/v7e-m/crtbegin.o
 *(.bss*)
 .bss.gpioControl
                0x000000002000001c       0x24 Drivers/Src/stm32f407xx_lcm1602a_driver.o
 .bss.gpioData  0x0000000020000040       0x60 Drivers/Src/stm32f407xx_lcm1602a_driver.o
 .bss.pgpioD7Busy
                0x00000000200000a0        0x4 Drivers/Src/stm32f407xx_lcm1602a_driver.o
 *(COMMON)
                0x00000000200000a4                . = ALIGN (0x4)
                0x00000000200000a4                _ebss = .
                0x00000000200000a4                __bss_end__ = _ebss

._user_heap_stack
                0x00000000200000a4      0x604 load address 0x0000000008000918
                0x00000000200000a8                . = ALIGN (0x8)
 *fill*         0x00000000200000a4        0x4 
                [!provide]                        PROVIDE (end = .)
                0x00000000200000a8                PROVIDE (_end = .)
                0x00000000200002a8                . = (. + _Min_Heap_Size)
 *fill*         0x00000000200000a8      0x200 
                0x00000000200006a8                . = (. + _Min_Stack_Size)
 *fill*         0x00000000200002a8      0x400 
                0x00000000200006a8                . = ALIGN (0x8)

/DISCARD/
 libc.a(*)
 libm.a(*)
 libgcc.a(*)

.ARM.attributes
                0x0000000000000000       0x2a
 *(.ARM.attributes)
 .ARM.attributes
                0x0000000000000000       0x1e c:/st/stm32cubeide_1.4.0/stm32cubeide/plugins/com.st.stm32cube.ide.mcu.externaltools.gnu-tools-for-stm32.7-2018-q2-update.win32_1.4.0.202007081208/tools/bin/../lib/gcc/arm-none-eabi/7.3.1/thumb/v7e-m/crti.o
 .ARM.attributes
                0x000000000000001e       0x2e c:/st/stm32cubeide_1.4.0/stm32cubeide/plugins/com.st.stm32cube.ide.mcu.externaltools.gnu-tools-for-stm32.7-2018-q2-update.win32_1.4.0.202007081208/tools/bin/../lib/gcc/arm-none-eabi/7.3.1/thumb/v7e-m/crtbegin.o
 .ARM.attributes
                0x000000000000004c       0x33 Drivers/Src/stm32f407xx_gpio_driver.o
 .ARM.attributes
                0x000000000000007f       0x33 Drivers/Src/stm32f407xx_lcm1602a_driver.o
 .ARM.attributes
                0x00000000000000b2       0x33 Src/lcm1602a_test.o
 .ARM.attributes
                0x00000000000000e5       0x21 Startup/startup_stm32f407vgtx.o
 .ARM.attributes
                0x0000000000000106       0x2e c:/st/stm32cubeide_1.4.0/stm32cubeide/plugins/com.st.stm32cube.ide.mcu.externaltools.gnu-tools-for-stm32.7-2018-q2-update.win32_1.4.0.202007081208/tools/bin/../lib/gcc/arm-none-eabi/7.3.1/../../../../arm-none-eabi/lib/thumb/v7e-m\libc_nano.a(lib_a-init.o)
 .ARM.attributes
                0x0000000000000134       0x17 c:/st/stm32cubeide_1.4.0/stm32cubeide/plugins/com.st.stm32cube.ide.mcu.externaltools.gnu-tools-for-stm32.7-2018-q2-update.win32_1.4.0.202007081208/tools/bin/../lib/gcc/arm-none-eabi/7.3.1/../../../../arm-none-eabi/lib/thumb/v7e-m\libc_nano.a(lib_a-strlen.o)
 .ARM.attributes
                0x000000000000014b       0x1e c:/st/stm32cubeide_1.4.0/stm32cubeide/plugins/com.st.stm32cube.ide.mcu.externaltools.gnu-tools-for-stm32.7-2018-q2-update.win32_1.4.0.202007081208/tools/bin/../lib/gcc/arm-none-eabi/7.3.1/thumb/v7e-m/crtn.o
OUTPUT(stm32f407_drivers.elf elf32-littlearm)

.debug_info     0x0000000000000000     0x1735
 .debug_info    0x0000000000000000      0x719 Drivers/Src/stm32f407xx_gpio_driver.o
 .debug_info    0x0000000000000719      0xd56 Drivers/Src/stm32f407xx_lcm1602a_driver.o
 .debug_info    0x000000000000146f      0x2a4 Src/lcm1602a_test.o
 .debug_info    0x0000000000001713       0x22 Startup/startup_stm32f407vgtx.o

.debug_abbrev   0x0000000000000000      0x4ca
 .debug_abbrev  0x0000000000000000      0x189 Drivers/Src/stm32f407xx_gpio_driver.o
 .debug_abbrev  0x0000000000000189      0x248 Drivers/Src/stm32f407xx_lcm1602a_driver.o
 .debug_abbrev  0x00000000000003d1       0xe7 Src/lcm1602a_test.o
 .debug_abbrev  0x00000000000004b8       0x12 Startup/startup_stm32f407vgtx.o

.debug_loc      0x0000000000000000      0x61c
 .debug_loc     0x0000000000000000      0x3e7 Drivers/Src/stm32f407xx_gpio_driver.o
 .debug_loc     0x00000000000003e7      0x235 Drivers/Src/stm32f407xx_lcm1602a_driver.o

.debug_aranges  0x0000000000000000       0xf8
 .debug_aranges
                0x0000000000000000       0x70 Drivers/Src/stm32f407xx_gpio_driver.o
 .debug_aranges
                0x0000000000000070       0x40 Drivers/Src/stm32f407xx_lcm1602a_driver.o
 .debug_aranges
                0x00000000000000b0       0x20 Src/lcm1602a_test.o
 .debug_aranges
                0x00000000000000d0       0x28 Startup/startup_stm32f407vgtx.o

.debug_ranges   0x0000000000000000       0xc0
 .debug_ranges  0x0000000000000000       0x60 Drivers/Src/stm32f407xx_gpio_driver.o
 .debug_ranges  0x0000000000000060       0x30 Drivers/Src/stm32f407xx_lcm1602a_driver.o
 .debug_ranges  0x0000000000000090       0x10 Src/lcm1602a_test.o
 .debug_ranges  0x00000000000000a0       0x20 Startup/startup_stm32f407vgtx.o

.debug_macro    0x0000000000000000     0x21d5
 .debug_macro   0x0000000000000000       0x9d Drivers/Src/stm32f407xx_gpio_driver.o
 .debug_macro   0x000000000000009d      0xa66 Drivers/Src/stm32f407xx_gpio_driver.o
 .debug_macro   0x0000000000000b03       0x22 Drivers/Src/stm32f407xx_gpio_driver.o
 .debug_macro   0x0000000000000b25       0x8e Drivers/Src/stm32f407xx_gpio_driver.o
 .debug_macro   0x0000000000000bb3       0x51 Drivers/Src/stm32f407xx_gpio_driver.o
 .debug_macro   0x0000000000000c04       0xef Drivers/Src/stm32f407xx_gpio_driver.o
 .debug_macro   0x0000000000000cf3       0x6a Drivers/Src/stm32f407xx_gpio_driver.o
 .debug_macro   0x0000000000000d5d      0x1df Drivers/Src/stm32f407xx_gpio_driver.o
 .debug_macro   0x0000000000000f3c      0x174 Drivers/Src/stm32f407xx_gpio_driver.o
 .debug_macro   0x00000000000010b0      0x5a0 Drivers/Src/stm32f407xx_gpio_driver.o
 .debug_macro   0x0000000000001650      0x1a2 Drivers/Src/stm32f407xx_gpio_driver.o
 .debug_macro   0x00000000000017f2       0xe8 Drivers/Src/stm32f407xx_gpio_driver.o
 .debug_macro   0x00000000000018da      0x163 Drivers/Src/stm32f407xx_lcm1602a_driver.o
 .debug_macro   0x0000000000001a3d       0x46 Drivers/Src/stm32f407xx_lcm1602a_driver.o
 .debug_macro   0x0000000000001a83       0x18 Drivers/Src/stm32f407xx_lcm1602a_driver.o
 .debug_macro   0x0000000000001a9b       0x3c Drivers/Src/stm32f407xx_lcm1602a_driver.o
 .debug_macro   0x0000000000001ad7       0x34 Drivers/Src/stm32f407xx_lcm1602a_driver.o
 .debug_macro   0x0000000000001b0b       0x52 Drivers/Src/stm32f407xx_lcm1602a_driver.o
 .debug_macro   0x0000000000001b5d       0x1f Drivers/Src/stm32f407xx_lcm1602a_driver.o
 .debug_macro   0x0000000000001b7c       0x43 Drivers/Src/stm32f407xx_lcm1602a_driver.o
 .debug_macro   0x0000000000001bbf       0x20 Drivers/Src/stm32f407xx_lcm1602a_driver.o
 .debug_macro   0x0000000000001bdf      0x1a3 Drivers/Src/stm32f407xx_lcm1602a_driver.o
 .debug_macro   0x0000000000001d82      0x330 Drivers/Src/stm32f407xx_lcm1602a_driver.o
 .debug_macro   0x00000000000020b2       0x10 Drivers/Src/stm32f407xx_lcm1602a_driver.o
 .debug_macro   0x00000000000020c2       0x35 Drivers/Src/stm32f407xx_lcm1602a_driver.o
 .debug_macro   0x00000000000020f7       0x20 Drivers/Src/stm32f407xx_lcm1602a_driver.o
 .debug_macro   0x0000000000002117       0x1c Drivers/Src/stm32f407xx_lcm1602a_driver.o
 .debug_macro   0x0000000000002133       0xa2 Src/lcm1602a_test.o

.debug_line     0x0000000000000000     0x1162
 .debug_line    0x0000000000000000      0x5c0 Drivers/Src/stm32f407xx_gpio_driver.o
 .debug_line    0x00000000000005c0      0x6cf Drivers/Src/stm32f407xx_lcm1602a_driver.o
 .debug_line    0x0000000000000c8f      0x44f Src/lcm1602a_test.o
 .debug_line    0x00000000000010de       0x84 Startup/startup_stm32f407vgtx.o

.debug_str      0x0000000000000000     0x9e73
 .debug_str     0x0000000000000000     0x6d85 Drivers/Src/stm32f407xx_gpio_driver.o
                                       0x6f97 (size before relaxing)
 .debug_str     0x0000000000006d85     0x30a1 Drivers/Src/stm32f407xx_lcm1602a_driver.o
                                       0x9d85 (size before relaxing)
 .debug_str     0x0000000000009e26       0x1c Src/lcm1602a_test.o
                                       0x6c64 (size before relaxing)
 .debug_str     0x0000000000009e42       0x31 Startup/startup_stm32f407vgtx.o
                                         0x74 (size before relaxing)

.comment        0x0000000000000000       0x7b
 .comment       0x0000000000000000       0x7b Drivers/Src/stm32f407xx_gpio_driver.o
                                         0x7c (size before relaxing)
 .comment       0x000000000000007b       0x7c Drivers/Src/stm32f407xx_lcm1602a_driver.o
 .comment       0x000000000000007b       0x7c Src/lcm1602a_test.o

.debug_frame    0x0000000000000000      0x1c4
 .debug_frame   0x0000000000000000       0xcc Drivers/Src/stm32f407xx_gpio_driver.o
 .debug_frame   0x00000000000000cc       0xa4 Drivers/Src/stm32f407xx_lcm1602a_driver.o
 .debug_frame   0x0000000000000170       0x28 Src/lcm1602a_test.o
 .debug_frame   0x0000000000000198       0x2c c:/st/stm32cubeide_1.4.0/stm32cubeide/plugins/com.st.stm32cube.ide.mcu.externaltools.gnu-tools-for-stm32.7-2018-q2-update.win32_1.4.0.202007081208/tools/bin/../lib/gcc/arm-none-eabi/7.3.1/../../../../arm-none-eabi/lib/thumb/v7e-m\libc_nano.a(lib_a-init.o)
