stm32f407xx_spi_driver.c:29:6:SPI_PCLKControl	0	static
stm32f407xx_spi_driver.c:74:6:SPI_Init	8	static
stm32f407xx_spi_driver.c:108:6:SPI_DeInit	0	static
stm32f407xx_spi_driver.c:186:9:SPI_SendDataIT	0	static
stm32f407xx_spi_driver.c:201:9:SPI_ReceiveDataIT	0	static
stm32f407xx_spi_driver.c:225:6:SPI_IRQInterruptConfig	0	static
stm32f407xx_spi_driver.c:239:6:SPI_IRQPriorityConfig	0	static
stm32f407xx_spi_driver.c:325:6:SPI_ClearOVRFlag	0	static
stm32f407xx_spi_driver.c:332:6:SPI_Close_Transmission	0	static
stm32f407xx_spi_driver.c:339:6:SPI_Close_Reception	0	static
stm32f407xx_spi_driver.c:346:29:SPI_ApplicationEventCallback	0	static
stm32f407xx_spi_driver.c:278:13:spi_txe_interrupt_handle	8	static
stm32f407xx_spi_driver.c:296:13:spi_rxne_interrupt_handle	8	static
stm32f407xx_spi_driver.c:314:13:spi_ovr_err_interrupt_handle	8	static
stm32f407xx_spi_driver.c:252:6:SPI_IRQHandling	8	static
stm32f407xx_spi_driver.c:353:9:SPI_GetFlagStatus	0	static
stm32f407xx_spi_driver.c:139:6:SPI_SendData	16	static
stm32f407xx_spi_driver.c:167:6:SPI_ReceiveData	16	static
stm32f407xx_spi_driver.c:360:6:SPI_PeripheralControl	0	static
stm32f407xx_spi_driver.c:368:6:SPI_SSIConfig	0	static
